node.exe : ΓÜá Profiling is enabled. Note: This 
may affect performance.
At line:1 char:1
+ & "C:\Program Files\nodejs/node.exe" "C:\Users
\lotus\AppData\Roaming\ ...
+ ~~~~~~~~~~~~~~~~~~~~~~~~~~~~~~~~~~~~~~~~~~~~~~
~~~~~~~~~~~~~~~~~~~~~~~
    + CategoryInfo          : NotSpecified: (ΓÜ 
   á Profiling i...ct performance.:String) [],  
   RemoteException
    + FullyQualifiedErrorId : NativeCommandErro 
   r
 
Γû▓ Next.js 16.1.6 (Turbopack)
- Environments: .env.local

ΓÜá The "middleware" file convention is deprecat
ed. Please use "proxy" instead. Learn more: http
s://nextjs.org/docs/messages/middleware-to-proxy
  Creating an optimized production build ...
Γ£ô Compiled successfully in 3.2s
  Running TypeScript ...
Failed to compile.

./src/app/actions/publish-product.ts:4:20
Type error: Cannot find module '@/app/actions/fi
rebase-admin-setup' or its corresponding type de
clarations.

[0m [90m 2 |[39m
 [90m 3 |[39m [36mimport[39m { createShopify
Product } [36mfrom[39m [32m'@/lib/shopify/adm
in'[39m[33m;[39m
[31m[1m>[22m[39m[90m 4 |[39m [36mimport[
39m { db } [36mfrom[39m [32m'@/app/actions/fi
rebase-admin-setup'[39m[33m;[39m [90m// Need
 a server-side firebase instance[39m
 [90m   |[39m                    [31m[1m^[2
2m[39m
 [90m 5 |[39m [90m// Wait, do we have server-
side firebase setup? [39m
 [90m 6 |[39m [90m// The user has 'firebase-a
dmin' in functions, but in Next.js usually we us
e 'firebase-admin' as well for server actions.[
39m
 [90m 7 |[39m [90m// If 'firebase-admin' is n
ot initialized in Next.js yet, I might need to c
reate a singleton for it.[39m[0m
Next.js build worker exited with code: 1 and sig
nal: null
