lib/shopify.ts(9,34): error TS2339: Property 'storefront' does not exist on type 'StorefrontClientReturn'.
src/components/shop/product-grid.tsx(34,22): error TS2741: Property 'index' is missing in type '{ product: Product; }' but required in type '{ product: Product; index: number; }'.
src/components/smooth-scroll.tsx(18,13): error TS2322: Type 'React.ReactNode' is not assignable to type 'import("C:/Users/lotus/Documents/pavlicevits/node_modules/@studio-freight/react-lenis/node_modules/@types/react/index").ReactNode'.
  Type 'bigint' is not assignable to type 'ReactNode'.
